DIM = 6 x 6
TEMPO = 100
MON file: /home/joao/SO/Projeto 2/SO-Project-2/Projeto/SO-2526-sol-parte1/2.m
Line: XXXXXX
Line: XXXXXX
Line: XXoooX
Line: XooooX
Line: Xooo@X
Line: XXXXXX
Ghost passo: 1
Ghost Pos = 3 x 3
Creating threads
Killing 0 pacman

Creating threads
Creating threads
Creating threads
Creating threads
Creating threads
Creating threads
Creating threads
Creating threads
Creating threads
Creating threads
Creating threads
Creating threads
Creating threads
Creating threads
Creating threads
Creating threads
Creating threads
Creating threads
Creating threads
Creating threads
Creating threads
Creating threads
Creating threads
Creating threads
Creating threads
Creating threads
Creating threads
Creating threads
Creating threads
Creating threads
Creating threads
Creating threads
Creating threads
Creating threads
Creating threads
Creating threads
Creating threads
Creating threads
Creating threads
Creating threads
Creating threads
Creating threads
Creating threads
Creating threads
Creating threads
Creating threads
Creating threads
Creating threads
Creating threads
Creating threads
Creating threads
Creating threads
Creating threads
Creating threads
Creating threads
Creating threads
Creating threads
